#
# There is insufficient memory for the Java Runtime Environment to continue.
# Native memory allocation (malloc) failed to allocate 2158128 bytes for Chunk::new
# Possible reasons:
#   The system is out of physical RAM or swap space
#   The process is running with CompressedOops enabled, and the Java Heap may be blocking the growth of the native heap
# Possible solutions:
#   Reduce memory load on the system
#   Increase physical memory or swap space
#   Check if swap backing store is full
#   Decrease Java heap size (-Xmx/-Xms)
#   Decrease number of Java threads
#   Decrease Java thread stack sizes (-Xss)
#   Set larger code cache with -XX:ReservedCodeCacheSize=
#   JVM is running with Unscaled Compressed Oops mode in which the Java heap is
#     placed in the first 4GB address space. The Java Heap base address is the
#     maximum limit for the native heap growth. Please use -XX:HeapBaseMinAddress
#     to set the Java Heap base and to place the Java Heap above 4GB virtual address.
# This output file may be truncated or incomplete.
#
#  Out of Memory Error (arena.cpp:189), pid=22836, tid=18624
#
# JRE version: Java(TM) SE Runtime Environment (17.0.12+8) (build 17.0.12+8-LTS-286)
# Java VM: Java HotSpot(TM) 64-Bit Server VM (17.0.12+8-LTS-286, mixed mode, sharing, tiered, compressed oops, compressed class ptrs, g1 gc, windows-amd64)
# No core dump will be written. Minidumps are not enabled by default on client versions of Windows
#

---------------  S U M M A R Y ------------

Command Line: --add-opens=java.base/java.lang=ALL-UNNAMED --add-opens=java.base/java.lang.invoke=ALL-UNNAMED --add-opens=java.base/java.util=ALL-UNNAMED --add-opens=java.prefs/java.util.prefs=ALL-UNNAMED --add-exports=jdk.compiler/com.sun.tools.javac.api=ALL-UNNAMED --add-exports=jdk.compiler/com.sun.tools.javac.util=ALL-UNNAMED --add-opens=java.base/java.util=ALL-UNNAMED --add-opens=java.prefs/java.util.prefs=ALL-UNNAMED --add-opens=java.base/java.nio.charset=ALL-UNNAMED --add-opens=java.base/java.net=ALL-UNNAMED --add-opens=java.base/java.util.concurrent.atomic=ALL-UNNAMED --add-opens=java.xml/javax.xml.namespace=ALL-UNNAMED -XX:MaxMetaspaceSize=512m -Xmx2048m -Dfile.encoding=UTF-8 -Duser.country=IN -Duser.language=en -Duser.variant -javaagent:C:\Users\vijay\.gradle\wrapper\dists\gradle-8.14.1-bin\baw1sv0jfoi8rxs14qo3h49cs\gradle-8.14.1\lib\agents\gradle-instrumentation-agent-8.14.1.jar org.gradle.launcher.daemon.bootstrap.GradleDaemon 8.14.1

Host: 11th Gen Intel(R) Core(TM) i3-1115G4 @ 3.00GHz, 4 cores, 7G,  Windows 11 , 64 bit Build 26100 (10.0.26100.8328)
Time: Sun Jun 14 17:17:58 2026 India Standard Time elapsed time: 12.191254 seconds (0d 0h 0m 12s)

---------------  T H R E A D  ---------------

Current thread (0x0000021facf168f0):  JavaThread "C2 CompilerThread0" daemon [_thread_in_native, id=18624, stack(0x0000009eb5d00000,0x0000009eb5e00000)]


Current CompileTask:
C2:  12191 2345       4       jdk.internal.org.objectweb.asm.Frame::execute (2305 bytes)

Stack: [0x0000009eb5d00000,0x0000009eb5e00000]
Native frames: (J=compiled Java code, j=interpreted, Vv=VM code, C=native code)
V  [jvm.dll+0x67a04a]
V  [jvm.dll+0x7da4ed]
V  [jvm.dll+0x7dbe33]
V  [jvm.dll+0x7dc4a3]
V  [jvm.dll+0x24508f]
V  [jvm.dll+0xab773]
V  [jvm.dll+0xabd3c]
V  [jvm.dll+0x361bee]
V  [jvm.dll+0x32c431]
V  [jvm.dll+0x32b8ca]
V  [jvm.dll+0x21683f]
V  [jvm.dll+0x215c6f]
V  [jvm.dll+0x1a2960]
V  [jvm.dll+0x22610b]
V  [jvm.dll+0x2242ab]
V  [jvm.dll+0x79075c]
V  [jvm.dll+0x78abea]
V  [jvm.dll+0x678f35]
C  [ucrtbase.dll+0x37b0]
C  [KERNEL32.DLL+0x2e957]
C  [ntdll.dll+0x427c]


---------------  P R O C E S S  ---------------

Threads class SMR info:
_java_thread_list=0x0000021fcc6c1f10, length=22, elements={
0x0000021f8f5a6b00, 0x0000021facefad60, 0x0000021facefc3a0, 0x0000021facf111b0,
0x0000021facf13a90, 0x0000021facf14360, 0x0000021facf15c40, 0x0000021facf168f0,
0x0000021facf1d390, 0x0000021fcc110080, 0x0000021facee6120, 0x0000021fcc298570,
0x0000021fcda27860, 0x0000021fcce5c010, 0x0000021fcd150740, 0x0000021fccf49ae0,
0x0000021fccf49fc0, 0x0000021fcce25e50, 0x0000021fcce26360, 0x0000021fcce26870,
0x0000021fcce24f20, 0x0000021fcce25940
}

Java Threads: ( => current thread )
  0x0000021f8f5a6b00 JavaThread "main" [_thread_blocked, id=20956, stack(0x0000009eb5000000,0x0000009eb5100000)]
  0x0000021facefad60 JavaThread "Reference Handler" daemon [_thread_blocked, id=20900, stack(0x0000009eb5700000,0x0000009eb5800000)]
  0x0000021facefc3a0 JavaThread "Finalizer" daemon [_thread_blocked, id=24644, stack(0x0000009eb5800000,0x0000009eb5900000)]
  0x0000021facf111b0 JavaThread "Signal Dispatcher" daemon [_thread_blocked, id=20260, stack(0x0000009eb5900000,0x0000009eb5a00000)]
  0x0000021facf13a90 JavaThread "Attach Listener" daemon [_thread_blocked, id=26256, stack(0x0000009eb5a00000,0x0000009eb5b00000)]
  0x0000021facf14360 JavaThread "Service Thread" daemon [_thread_blocked, id=8384, stack(0x0000009eb5b00000,0x0000009eb5c00000)]
  0x0000021facf15c40 JavaThread "Monitor Deflation Thread" daemon [_thread_blocked, id=14932, stack(0x0000009eb5c00000,0x0000009eb5d00000)]
=>0x0000021facf168f0 JavaThread "C2 CompilerThread0" daemon [_thread_in_native, id=18624, stack(0x0000009eb5d00000,0x0000009eb5e00000)]
  0x0000021facf1d390 JavaThread "C1 CompilerThread0" daemon [_thread_blocked, id=24068, stack(0x0000009eb5e00000,0x0000009eb5f00000)]
  0x0000021fcc110080 JavaThread "Sweeper thread" daemon [_thread_blocked, id=7436, stack(0x0000009eb5f00000,0x0000009eb6000000)]
  0x0000021facee6120 JavaThread "Common-Cleaner" daemon [_thread_blocked, id=5824, stack(0x0000009eb6000000,0x0000009eb6100000)]
  0x0000021fcc298570 JavaThread "Notification Thread" daemon [_thread_blocked, id=9048, stack(0x0000009eb6100000,0x0000009eb6200000)]
  0x0000021fcda27860 JavaThread "Daemon health stats" [_thread_blocked, id=18308, stack(0x0000009eb6600000,0x0000009eb6700000)]
  0x0000021fcce5c010 JavaThread "Incoming local TCP Connector on port 63915" [_thread_in_native, id=26056, stack(0x0000009eb6700000,0x0000009eb6800000)]
  0x0000021fcd150740 JavaThread "Daemon periodic checks" [_thread_blocked, id=424, stack(0x0000009eb6800000,0x0000009eb6900000)]
  0x0000021fccf49ae0 JavaThread "Daemon" [_thread_blocked, id=25640, stack(0x0000009eb6900000,0x0000009eb6a00000)]
  0x0000021fccf49fc0 JavaThread "Handler for socket connection from /127.0.0.1:63915 to /127.0.0.1:63916" [_thread_in_native, id=25368, stack(0x0000009eb6a00000,0x0000009eb6b00000)]
  0x0000021fcce25e50 JavaThread "Cancel handler" [_thread_blocked, id=23420, stack(0x0000009eb6b00000,0x0000009eb6c00000)]
  0x0000021fcce26360 JavaThread "Daemon worker" [_thread_in_vm, id=10512, stack(0x0000009eb6c00000,0x0000009eb6d00000)]
  0x0000021fcce26870 JavaThread "Asynchronous log dispatcher for DefaultDaemonConnection: socket connection from /127.0.0.1:63915 to /127.0.0.1:63916" [_thread_blocked, id=10912, stack(0x0000009eb6d00000,0x0000009eb6e00000)]
  0x0000021fcce24f20 JavaThread "Stdin handler" [_thread_blocked, id=3148, stack(0x0000009eb6e00000,0x0000009eb6f00000)]
  0x0000021fcce25940 JavaThread "Daemon client event forwarder" [_thread_blocked, id=25068, stack(0x0000009eb6f00000,0x0000009eb7000000)]

Other Threads:
  0x0000021facef60a0 VMThread "VM Thread" [stack: 0x0000009eb5600000,0x0000009eb5700000] [id=14732]
  0x0000021f8f5a74d0 WatcherThread [stack: 0x0000009eb6200000,0x0000009eb6300000] [id=3032]
  0x0000021f8f6024a0 GCTaskThread "GC Thread#0" [stack: 0x0000009eb5100000,0x0000009eb5200000] [id=22280]
  0x0000021fcc4d8760 GCTaskThread "GC Thread#1" [stack: 0x0000009eb6300000,0x0000009eb6400000] [id=27176]
  0x0000021fcc476c30 GCTaskThread "GC Thread#2" [stack: 0x0000009eb6400000,0x0000009eb6500000] [id=13560]
  0x0000021fccf1f580 GCTaskThread "GC Thread#3" [stack: 0x0000009eb6500000,0x0000009eb6600000] [id=22644]
  0x0000021f8f6131a0 ConcurrentGCThread "G1 Main Marker" [stack: 0x0000009eb5200000,0x0000009eb5300000] [id=17688]
  0x0000021f8f613960 ConcurrentGCThread "G1 Conc#0" [stack: 0x0000009eb5300000,0x0000009eb5400000] [id=11884]
  0x0000021f8f668120 ConcurrentGCThread "G1 Refine#0" [stack: 0x0000009eb5400000,0x0000009eb5500000] [id=23748]
  0x0000021facdb10b0 ConcurrentGCThread "G1 Service" [stack: 0x0000009eb5500000,0x0000009eb5600000] [id=20788]

Threads with active compile tasks:
C2 CompilerThread0    12228 2345       4       jdk.internal.org.objectweb.asm.Frame::execute (2305 bytes)

VM state: not at safepoint (normal execution)

VM Mutex/Monitor currently owned by a thread: None

Heap address: 0x0000000080000000, size: 2048 MB, Compressed Oops mode: 32-bit

CDS archive(s) mapped at: [0x0000021fad000000-0x0000021fadbd0000-0x0000021fadbd0000), size 12386304, SharedBaseAddress: 0x0000021fad000000, ArchiveRelocationMode: 1.
Compressed class space mapped at: 0x0000021fae000000-0x0000021fc8000000, reserved size: 436207616
Narrow klass base: 0x0000021fad000000, Narrow klass shift: 0, Narrow klass range: 0x100000000

GC Precious Log:
 CPUs: 4 total, 4 available
 Memory: 7926M
 Large Page Support: Disabled
 NUMA Support: Disabled
 Compressed Oops: Enabled (32-bit)
 Heap Region Size: 1M
 Heap Min Capacity: 8M
 Heap Initial Capacity: 124M
 Heap Max Capacity: 2G
 Pre-touch: Disabled
 Parallel Workers: 4
 Concurrent Workers: 1
 Concurrent Refinement Workers: 4
 Periodic GC: Disabled

Heap:
 garbage-first heap   total 126976K, used 61977K [0x0000000080000000, 0x0000000100000000)
  region size 1024K, 55 young (56320K), 9 survivors (9216K)
 Metaspace       used 13833K, committed 14144K, reserved 491520K
  class space    used 1896K, committed 2048K, reserved 425984K

Heap Regions: E=young(eden), S=young(survivor), O=old, HS=humongous(starts), HC=humongous(continues), CS=collection set, F=free, OA=open archive, CA=closed archive, TAMS=top-at-mark-start (previous, next)
|   0|0x0000000080000000, 0x0000000080100000, 0x0000000080100000|100%|HS|  |TAMS 0x0000000080000000, 0x0000000080000000| Complete 
|   1|0x0000000080100000, 0x0000000080200000, 0x0000000080200000|100%|HC|  |TAMS 0x0000000080100000, 0x0000000080100000| Complete 
|   2|0x0000000080200000, 0x0000000080300000, 0x0000000080300000|100%|HC|  |TAMS 0x0000000080200000, 0x0000000080200000| Complete 
|   3|0x0000000080300000, 0x0000000080400000, 0x0000000080400000|100%| O|  |TAMS 0x0000000080300000, 0x0000000080300000| Untracked 
|   4|0x0000000080400000, 0x0000000080500000, 0x0000000080500000|100%| O|  |TAMS 0x0000000080400000, 0x0000000080400000| Untracked 
|   5|0x0000000080500000, 0x0000000080600000, 0x0000000080600000|100%| O|  |TAMS 0x0000000080500000, 0x0000000080500000| Untracked 
|   6|0x0000000080600000, 0x000000008065e800, 0x0000000080700000| 36%| O|  |TAMS 0x0000000080600000, 0x0000000080600000| Untracked 
|   7|0x0000000080700000, 0x0000000080800000, 0x0000000080800000|100%|HS|  |TAMS 0x0000000080700000, 0x0000000080700000| Complete 
|   8|0x0000000080800000, 0x0000000080800000, 0x0000000080900000|  0%| F|  |TAMS 0x0000000080800000, 0x0000000080800000| Untracked 
|   9|0x0000000080900000, 0x0000000080900000, 0x0000000080a00000|  0%| F|  |TAMS 0x0000000080900000, 0x0000000080900000| Untracked 
|  10|0x0000000080a00000, 0x0000000080a00000, 0x0000000080b00000|  0%| F|  |TAMS 0x0000000080a00000, 0x0000000080a00000| Untracked 
|  11|0x0000000080b00000, 0x0000000080b00000, 0x0000000080c00000|  0%| F|  |TAMS 0x0000000080b00000, 0x0000000080b00000| Untracked 
|  12|0x0000000080c00000, 0x0000000080c00000, 0x0000000080d00000|  0%| F|  |TAMS 0x0000000080c00000, 0x0000000080c00000| Untracked 
|  13|0x0000000080d00000, 0x0000000080d00000, 0x0000000080e00000|  0%| F|  |TAMS 0x0000000080d00000, 0x0000000080d00000| Untracked 
|  14|0x0000000080e00000, 0x0000000080e00000, 0x0000000080f00000|  0%| F|  |TAMS 0x0000000080e00000, 0x0000000080e00000| Untracked 
|  15|0x0000000080f00000, 0x0000000080f00000, 0x0000000081000000|  0%| F|  |TAMS 0x0000000080f00000, 0x0000000080f00000| Untracked 
|  16|0x0000000081000000, 0x0000000081000000, 0x0000000081100000|  0%| F|  |TAMS 0x0000000081000000, 0x0000000081000000| Untracked 
|  17|0x0000000081100000, 0x0000000081100000, 0x0000000081200000|  0%| F|  |TAMS 0x0000000081100000, 0x0000000081100000| Untracked 
|  18|0x0000000081200000, 0x0000000081200000, 0x0000000081300000|  0%| F|  |TAMS 0x0000000081200000, 0x0000000081200000| Untracked 
|  19|0x0000000081300000, 0x0000000081300000, 0x0000000081400000|  0%| F|  |TAMS 0x0000000081300000, 0x0000000081300000| Untracked 
|  20|0x0000000081400000, 0x0000000081400000, 0x0000000081500000|  0%| F|  |TAMS 0x0000000081400000, 0x0000000081400000| Untracked 
|  21|0x0000000081500000, 0x0000000081500000, 0x0000000081600000|  0%| F|  |TAMS 0x0000000081500000, 0x0000000081500000| Untracked 
|  22|0x0000000081600000, 0x0000000081600000, 0x0000000081700000|  0%| F|  |TAMS 0x0000000081600000, 0x0000000081600000| Untracked 
|  23|0x0000000081700000, 0x0000000081700000, 0x0000000081800000|  0%| F|  |TAMS 0x0000000081700000, 0x0000000081700000| Untracked 
|  24|0x0000000081800000, 0x0000000081800000, 0x0000000081900000|  0%| F|  |TAMS 0x0000000081800000, 0x0000000081800000| Untracked 
|  25|0x0000000081900000, 0x0000000081900000, 0x0000000081a00000|  0%| F|  |TAMS 0x0000000081900000, 0x0000000081900000| Untracked 
|  26|0x0000000081a00000, 0x0000000081a00000, 0x0000000081b00000|  0%| F|  |TAMS 0x0000000081a00000, 0x0000000081a00000| Untracked 
|  27|0x0000000081b00000, 0x0000000081b00000, 0x0000000081c00000|  0%| F|  |TAMS 0x0000000081b00000, 0x0000000081b00000| Untracked 
|  28|0x0000000081c00000, 0x0000000081c00000, 0x0000000081d00000|  0%| F|  |TAMS 0x0000000081c00000, 0x0000000081c00000| Untracked 
|  29|0x0000000081d00000, 0x0000000081d00000, 0x0000000081e00000|  0%| F|  |TAMS 0x0000000081d00000, 0x0000000081d00000| Untracked 
|  30|0x0000000081e00000, 0x0000000081e00000, 0x0000000081f00000|  0%| F|  |TAMS 0x0000000081e00000, 0x0000000081e00000| Untracked 
|  31|0x0000000081f00000, 0x0000000081f00000, 0x0000000082000000|  0%| F|  |TAMS 0x0000000081f00000, 0x0000000081f00000| Untracked 
|  32|0x0000000082000000, 0x0000000082000000, 0x0000000082100000|  0%| F|  |TAMS 0x0000000082000000, 0x0000000082000000| Untracked 
|  33|0x0000000082100000, 0x0000000082100000, 0x0000000082200000|  0%| F|  |TAMS 0x0000000082100000, 0x0000000082100000| Untracked 
|  34|0x0000000082200000, 0x0000000082200000, 0x0000000082300000|  0%| F|  |TAMS 0x0000000082200000, 0x0000000082200000| Untracked 
|  35|0x0000000082300000, 0x0000000082300000, 0x0000000082400000|  0%| F|  |TAMS 0x0000000082300000, 0x0000000082300000| Untracked 
|  36|0x0000000082400000, 0x0000000082400000, 0x0000000082500000|  0%| F|  |TAMS 0x0000000082400000, 0x0000000082400000| Untracked 
|  37|0x0000000082500000, 0x0000000082500000, 0x0000000082600000|  0%| F|  |TAMS 0x0000000082500000, 0x0000000082500000| Untracked 
|  38|0x0000000082600000, 0x0000000082600000, 0x0000000082700000|  0%| F|  |TAMS 0x0000000082600000, 0x0000000082600000| Untracked 
|  39|0x0000000082700000, 0x0000000082700000, 0x0000000082800000|  0%| F|  |TAMS 0x0000000082700000, 0x0000000082700000| Untracked 
|  40|0x0000000082800000, 0x0000000082800000, 0x0000000082900000|  0%| F|  |TAMS 0x0000000082800000, 0x0000000082800000| Untracked 
|  41|0x0000000082900000, 0x0000000082927ed8, 0x0000000082a00000| 15%| S|CS|TAMS 0x0000000082900000, 0x0000000082900000| Complete 
|  42|0x0000000082a00000, 0x0000000082b00000, 0x0000000082b00000|100%| S|CS|TAMS 0x0000000082a00000, 0x0000000082a00000| Complete 
|  43|0x0000000082b00000, 0x0000000082c00000, 0x0000000082c00000|100%| S|CS|TAMS 0x0000000082b00000, 0x0000000082b00000| Complete 
|  44|0x0000000082c00000, 0x0000000082d00000, 0x0000000082d00000|100%| S|CS|TAMS 0x0000000082c00000, 0x0000000082c00000| Complete 
|  45|0x0000000082d00000, 0x0000000082e00000, 0x0000000082e00000|100%| S|CS|TAMS 0x0000000082d00000, 0x0000000082d00000| Complete 
|  46|0x0000000082e00000, 0x0000000082f00000, 0x0000000082f00000|100%| S|CS|TAMS 0x0000000082e00000, 0x0000000082e00000| Complete 
|  47|0x0000000082f00000, 0x0000000083000000, 0x0000000083000000|100%| S|CS|TAMS 0x0000000082f00000, 0x0000000082f00000| Complete 
|  48|0x0000000083000000, 0x0000000083100000, 0x0000000083100000|100%| S|CS|TAMS 0x0000000083000000, 0x0000000083000000| Complete 
|  49|0x0000000083100000, 0x0000000083200000, 0x0000000083200000|100%| S|CS|TAMS 0x0000000083100000, 0x0000000083100000| Complete 
|  50|0x0000000083200000, 0x0000000083200000, 0x0000000083300000|  0%| F|  |TAMS 0x0000000083200000, 0x0000000083200000| Untracked 
|  51|0x0000000083300000, 0x0000000083300000, 0x0000000083400000|  0%| F|  |TAMS 0x0000000083300000, 0x0000000083300000| Untracked 
|  52|0x0000000083400000, 0x0000000083400000, 0x0000000083500000|  0%| F|  |TAMS 0x0000000083400000, 0x0000000083400000| Untracked 
|  53|0x0000000083500000, 0x0000000083500000, 0x0000000083600000|  0%| F|  |TAMS 0x0000000083500000, 0x0000000083500000| Untracked 
|  54|0x0000000083600000, 0x0000000083600000, 0x0000000083700000|  0%| F|  |TAMS 0x0000000083600000, 0x0000000083600000| Untracked 
|  55|0x0000000083700000, 0x0000000083700000, 0x0000000083800000|  0%| F|  |TAMS 0x0000000083700000, 0x0000000083700000| Untracked 
|  56|0x0000000083800000, 0x0000000083800000, 0x0000000083900000|  0%| F|  |TAMS 0x0000000083800000, 0x0000000083800000| Untracked 
|  57|0x0000000083900000, 0x0000000083900000, 0x0000000083a00000|  0%| F|  |TAMS 0x0000000083900000, 0x0000000083900000| Untracked 
|  58|0x0000000083a00000, 0x0000000083a00000, 0x0000000083b00000|  0%| F|  |TAMS 0x0000000083a00000, 0x0000000083a00000| Untracked 
|  59|0x0000000083b00000, 0x0000000083b00000, 0x0000000083c00000|  0%| F|  |TAMS 0x0000000083b00000, 0x0000000083b00000| Untracked 
|  60|0x0000000083c00000, 0x0000000083c00000, 0x0000000083d00000|  0%| F|  |TAMS 0x0000000083c00000, 0x0000000083c00000| Untracked 
|  61|0x0000000083d00000, 0x0000000083d00000, 0x0000000083e00000|  0%| F|  |TAMS 0x0000000083d00000, 0x0000000083d00000| Untracked 
|  62|0x0000000083e00000, 0x0000000083e00000, 0x0000000083f00000|  0%| F|  |TAMS 0x0000000083e00000, 0x0000000083e00000| Untracked 
|  63|0x0000000083f00000, 0x0000000083f00000, 0x0000000084000000|  0%| F|  |TAMS 0x0000000083f00000, 0x0000000083f00000| Untracked 
|  64|0x0000000084000000, 0x0000000084000000, 0x0000000084100000|  0%| F|  |TAMS 0x0000000084000000, 0x0000000084000000| Untracked 
|  65|0x0000000084100000, 0x0000000084100000, 0x0000000084200000|  0%| F|  |TAMS 0x0000000084100000, 0x0000000084100000| Untracked 
|  66|0x0000000084200000, 0x0000000084200000, 0x0000000084300000|  0%| F|  |TAMS 0x0000000084200000, 0x0000000084200000| Untracked 
|  67|0x0000000084300000, 0x0000000084300000, 0x0000000084400000|  0%| F|  |TAMS 0x0000000084300000, 0x0000000084300000| Untracked 
|  68|0x0000000084400000, 0x0000000084400000, 0x0000000084500000|  0%| F|  |TAMS 0x0000000084400000, 0x0000000084400000| Untracked 
|  69|0x0000000084500000, 0x0000000084500000, 0x0000000084600000|  0%| F|  |TAMS 0x0000000084500000, 0x0000000084500000| Untracked 
|  70|0x0000000084600000, 0x0000000084600000, 0x0000000084700000|  0%| F|  |TAMS 0x0000000084600000, 0x0000000084600000| Untracked 
|  71|0x0000000084700000, 0x0000000084700000, 0x0000000084800000|  0%| F|  |TAMS 0x0000000084700000, 0x0000000084700000| Untracked 
|  72|0x0000000084800000, 0x0000000084800000, 0x0000000084900000|  0%| F|  |TAMS 0x0000000084800000, 0x0000000084800000| Untracked 
|  73|0x0000000084900000, 0x0000000084900000, 0x0000000084a00000|  0%| F|  |TAMS 0x0000000084900000, 0x0000000084900000| Untracked 
|  74|0x0000000084a00000, 0x0000000084a00000, 0x0000000084b00000|  0%| F|  |TAMS 0x0000000084a00000, 0x0000000084a00000| Untracked 
|  75|0x0000000084b00000, 0x0000000084b00000, 0x0000000084c00000|  0%| F|  |TAMS 0x0000000084b00000, 0x0000000084b00000| Untracked 
|  76|0x0000000084c00000, 0x0000000084c00000, 0x0000000084d00000|  0%| F|  |TAMS 0x0000000084c00000, 0x0000000084c00000| Untracked 
|  77|0x0000000084d00000, 0x0000000084d00000, 0x0000000084e00000|  0%| F|  |TAMS 0x0000000084d00000, 0x0000000084d00000| Untracked 
|  78|0x0000000084e00000, 0x0000000084f00000, 0x0000000084f00000|100%| E|  |TAMS 0x0000000084e00000, 0x0000000084e00000| Complete 
|  79|0x0000000084f00000, 0x0000000085000000, 0x0000000085000000|100%| E|CS|TAMS 0x0000000084f00000, 0x0000000084f00000| Complete 
|  80|0x0000000085000000, 0x0000000085100000, 0x0000000085100000|100%| E|CS|TAMS 0x0000000085000000, 0x0000000085000000| Complete 
|  81|0x0000000085100000, 0x0000000085200000, 0x0000000085200000|100%| E|CS|TAMS 0x0000000085100000, 0x0000000085100000| Complete 
|  82|0x0000000085200000, 0x0000000085300000, 0x0000000085300000|100%| E|CS|TAMS 0x0000000085200000, 0x0000000085200000| Complete 
|  83|0x0000000085300000, 0x0000000085400000, 0x0000000085400000|100%| E|CS|TAMS 0x0000000085300000, 0x0000000085300000| Complete 
|  84|0x0000000085400000, 0x0000000085500000, 0x0000000085500000|100%| E|CS|TAMS 0x0000000085400000, 0x0000000085400000| Complete 
|  85|0x0000000085500000, 0x0000000085600000, 0x0000000085600000|100%| E|CS|TAMS 0x0000000085500000, 0x0000000085500000| Complete 
|  86|0x0000000085600000, 0x0000000085700000, 0x0000000085700000|100%| E|CS|TAMS 0x0000000085600000, 0x0000000085600000| Complete 
|  87|0x0000000085700000, 0x0000000085800000, 0x0000000085800000|100%| E|CS|TAMS 0x0000000085700000, 0x0000000085700000| Complete 
|  88|0x0000000085800000, 0x0000000085900000, 0x0000000085900000|100%| E|CS|TAMS 0x0000000085800000, 0x0000000085800000| Complete 
|  89|0x0000000085900000, 0x0000000085a00000, 0x0000000085a00000|100%| E|CS|TAMS 0x0000000085900000, 0x0000000085900000| Complete 
|  90|0x0000000085a00000, 0x0000000085b00000, 0x0000000085b00000|100%| E|CS|TAMS 0x0000000085a00000, 0x0000000085a00000| Complete 
|  91|0x0000000085b00000, 0x0000000085c00000, 0x0000000085c00000|100%| E|CS|TAMS 0x0000000085b00000, 0x0000000085b00000| Complete 
|  92|0x0000000085c00000, 0x0000000085d00000, 0x0000000085d00000|100%| E|CS|TAMS 0x0000000085c00000, 0x0000000085c00000| Complete 
|  93|0x0000000085d00000, 0x0000000085e00000, 0x0000000085e00000|100%| E|CS|TAMS 0x0000000085d00000, 0x0000000085d00000| Complete 
|  94|0x0000000085e00000, 0x0000000085f00000, 0x0000000085f00000|100%| E|CS|TAMS 0x0000000085e00000, 0x0000000085e00000| Complete 
|  95|0x0000000085f00000, 0x0000000086000000, 0x0000000086000000|100%| E|CS|TAMS 0x0000000085f00000, 0x0000000085f00000| Complete 
|  96|0x0000000086000000, 0x0000000086100000, 0x0000000086100000|100%| E|CS|TAMS 0x0000000086000000, 0x0000000086000000| Complete 
|  97|0x0000000086100000, 0x0000000086200000, 0x0000000086200000|100%| E|CS|TAMS 0x0000000086100000, 0x0000000086100000| Complete 
|  98|0x0000000086200000, 0x0000000086300000, 0x0000000086300000|100%| E|CS|TAMS 0x0000000086200000, 0x0000000086200000| Complete 
|  99|0x0000000086300000, 0x0000000086400000, 0x0000000086400000|100%| E|CS|TAMS 0x0000000086300000, 0x0000000086300000| Complete 
| 100|0x0000000086400000, 0x0000000086500000, 0x0000000086500000|100%| E|CS|TAMS 0x0000000086400000, 0x0000000086400000| Complete 
| 101|0x0000000086500000, 0x0000000086600000, 0x0000000086600000|100%| E|CS|TAMS 0x0000000086500000, 0x0000000086500000| Complete 
| 102|0x0000000086600000, 0x0000000086700000, 0x0000000086700000|100%| E|CS|TAMS 0x0000000086600000, 0x0000000086600000| Complete 
| 103|0x0000000086700000, 0x0000000086800000, 0x0000000086800000|100%| E|CS|TAMS 0x0000000086700000, 0x0000000086700000| Complete 
| 104|0x0000000086800000, 0x0000000086900000, 0x0000000086900000|100%| E|CS|TAMS 0x0000000086800000, 0x0000000086800000| Complete 
| 105|0x0000000086900000, 0x0000000086a00000, 0x0000000086a00000|100%| E|CS|TAMS 0x0000000086900000, 0x0000000086900000| Complete 
| 106|0x0000000086a00000, 0x0000000086b00000, 0x0000000086b00000|100%| E|CS|TAMS 0x0000000086a00000, 0x0000000086a00000| Complete 
| 107|0x0000000086b00000, 0x0000000086c00000, 0x0000000086c00000|100%| E|CS|TAMS 0x0000000086b00000, 0x0000000086b00000| Complete 
| 108|0x0000000086c00000, 0x0000000086d00000, 0x0000000086d00000|100%| E|CS|TAMS 0x0000000086c00000, 0x0000000086c00000| Complete 
| 109|0x0000000086d00000, 0x0000000086e00000, 0x0000000086e00000|100%| E|CS|TAMS 0x0000000086d00000, 0x0000000086d00000| Complete 
| 110|0x0000000086e00000, 0x0000000086f00000, 0x0000000086f00000|100%| E|CS|TAMS 0x0000000086e00000, 0x0000000086e00000| Complete 
| 111|0x0000000086f00000, 0x0000000087000000, 0x0000000087000000|100%| E|CS|TAMS 0x0000000086f00000, 0x0000000086f00000| Complete 
| 112|0x0000000087000000, 0x0000000087100000, 0x0000000087100000|100%| E|CS|TAMS 0x0000000087000000, 0x0000000087000000| Complete 
| 113|0x0000000087100000, 0x0000000087200000, 0x0000000087200000|100%| E|CS|TAMS 0x0000000087100000, 0x0000000087100000| Complete 
| 114|0x0000000087200000, 0x0000000087300000, 0x0000000087300000|100%| E|CS|TAMS 0x0000000087200000, 0x0000000087200000| Complete 
| 115|0x0000000087300000, 0x0000000087400000, 0x0000000087400000|100%| E|CS|TAMS 0x0000000087300000, 0x0000000087300000| Complete 
| 116|0x0000000087400000, 0x0000000087500000, 0x0000000087500000|100%| E|CS|TAMS 0x0000000087400000, 0x0000000087400000| Complete 
| 117|0x0000000087500000, 0x0000000087600000, 0x0000000087600000|100%| E|CS|TAMS 0x0000000087500000, 0x0000000087500000| Complete 
| 118|0x0000000087600000, 0x0000000087700000, 0x0000000087700000|100%| E|CS|TAMS 0x0000000087600000, 0x0000000087600000| Complete 
| 119|0x0000000087700000, 0x0000000087800000, 0x0000000087800000|100%| E|CS|TAMS 0x0000000087700000, 0x0000000087700000| Complete 
| 120|0x0000000087800000, 0x0000000087900000, 0x0000000087900000|100%| E|CS|TAMS 0x0000000087800000, 0x0000000087800000| Complete 
| 121|0x0000000087900000, 0x0000000087a00000, 0x0000000087a00000|100%| E|CS|TAMS 0x0000000087900000, 0x0000000087900000| Complete 
| 122|0x0000000087a00000, 0x0000000087b00000, 0x0000000087b00000|100%| E|CS|TAMS 0x0000000087a00000, 0x0000000087a00000| Complete 
| 123|0x0000000087b00000, 0x0000000087c00000, 0x0000000087c00000|100%| E|CS|TAMS 0x0000000087b00000, 0x0000000087b00000| Complete 

Card table byte_map: [0x0000021fa6260000,0x0000021fa6660000] _byte_map_base: 0x0000021fa5e60000

Marking Bits (Prev, Next): (CMBitMap*) 0x0000021f8f602870, (CMBitMap*) 0x0000021f8f6028b0
 Prev Bits: [0x0000021fa6a60000, 0x0000021fa8a60000)
 Next Bits: [0x0000021fa8a60000, 0x0000021faaa60000)

Polling page: 0x0000021f8d770000

Metaspace:

Usage:
  Non-class:     11.67 MB used.
      Class:      1.85 MB used.
       Both:     13.52 MB used.

Virtual space:
  Non-class space:       64.00 MB reserved,      11.81 MB ( 18%) committed,  1 nodes.
      Class space:      416.00 MB reserved,       2.00 MB ( <1%) committed,  1 nodes.
             Both:      480.00 MB reserved,      13.81 MB (  3%) committed. 

Chunk freelists:
   Non-Class:  4.03 MB
       Class:  14.02 MB
        Both:  18.05 MB

MaxMetaspaceSize: 512.00 MB
CompressedClassSpaceSize: 416.00 MB
Initial GC threshold: 21.00 MB
Current GC threshold: 21.00 MB
CDS: on
MetaspaceReclaimPolicy: balanced
 - commit_granule_bytes: 65536.
 - commit_granule_words: 8192.
 - virtual_space_node_default_size: 8388608.
 - enlarge_chunks_in_place: 1.
 - new_chunks_are_fully_committed: 0.
 - uncommit_free_chunks: 1.
 - use_allocation_guard: 0.
 - handle_deallocations: 1.


Internal statistics:

num_allocs_failed_limit: 0.
num_arena_births: 190.
num_arena_deaths: 0.
num_vsnodes_births: 2.
num_vsnodes_deaths: 0.
num_space_committed: 221.
num_space_uncommitted: 0.
num_chunks_returned_to_freelist: 0.
num_chunks_taken_from_freelist: 599.
num_chunk_merges: 0.
num_chunk_splits: 406.
num_chunks_enlarged: 299.
num_inconsistent_stats: 0.

CodeHeap 'non-profiled nmethods': size=120000Kb used=1185Kb max_used=1185Kb free=118814Kb
 bounds [0x0000021f9e930000, 0x0000021f9eba0000, 0x0000021fa5e60000]
CodeHeap 'profiled nmethods': size=120000Kb used=4815Kb max_used=4815Kb free=115185Kb
 bounds [0x0000021f96e60000, 0x0000021f97320000, 0x0000021f9e390000]
CodeHeap 'non-nmethods': size=5760Kb used=1228Kb max_used=1244Kb free=4531Kb
 bounds [0x0000021f9e390000, 0x0000021f9e600000, 0x0000021f9e930000]
 total_blobs=2901 nmethods=2381 adapters=432
 compilation: enabled
              stopped_count=0, restarted_count=0
 full_count=0

Compilation events (20 events):
Event: 11.131 Thread 0x0000021facf1d390 2368       3       java.lang.reflect.Executable::getGenericParameterTypes (20 bytes)
Event: 11.132 Thread 0x0000021facf1d390 nmethod 2368 0x0000021f97306290 code [0x0000021f973064a0, 0x0000021f97306be8]
Event: 11.132 Thread 0x0000021facf1d390 2369       3       java.lang.reflect.Method::getGenericReturnType (20 bytes)
Event: 11.132 Thread 0x0000021facf1d390 nmethod 2369 0x0000021f97306d90 code [0x0000021f97307040, 0x0000021f97308178]
Event: 11.133 Thread 0x0000021facf1d390 2370       3       java.lang.invoke.Invokers$Holder::linkToTargetMethod (11 bytes)
Event: 11.133 Thread 0x0000021facf1d390 nmethod 2370 0x0000021f97308690 code [0x0000021f97308840, 0x0000021f97308c98]
Event: 11.133 Thread 0x0000021facf1d390 2371       3       java.lang.invoke.DirectMethodHandle$Holder::newInvokeSpecial (28 bytes)
Event: 11.134 Thread 0x0000021facf1d390 nmethod 2371 0x0000021f97308d90 code [0x0000021f97308f80, 0x0000021f97309728]
Event: 11.154 Thread 0x0000021facf1d390 2372       1       java.util.concurrent.atomic.AtomicInteger::get (5 bytes)
Event: 11.155 Thread 0x0000021facf1d390 nmethod 2372 0x0000021f9ea57b10 code [0x0000021f9ea57ca0, 0x0000021f9ea57d78]
Event: 11.155 Thread 0x0000021facf1d390 2373       1       java.util.stream.ReferencePipeline$StatelessOp::opIsStateful (2 bytes)
Event: 11.155 Thread 0x0000021facf1d390 nmethod 2373 0x0000021f9ea57e10 code [0x0000021f9ea57fa0, 0x0000021f9ea58078]
Event: 11.155 Thread 0x0000021facf1d390 2374       3       java.util.stream.ReferencePipeline$3$1::accept (23 bytes)
Event: 11.155 Thread 0x0000021facf1d390 nmethod 2374 0x0000021f97309910 code [0x0000021f97309ac0, 0x0000021f97309d78]
Event: 12.137 Thread 0x0000021facf1d390 2375       3       java.util.Collection::stream (11 bytes)
Event: 12.138 Thread 0x0000021facf1d390 nmethod 2375 0x0000021f97309e90 code [0x0000021f9730a040, 0x0000021f9730a238]
Event: 12.138 Thread 0x0000021facf1d390 2376       3       java.util.concurrent.locks.AbstractQueuedSynchronizer::compareAndSetState (13 bytes)
Event: 12.138 Thread 0x0000021facf1d390 nmethod 2376 0x0000021f9730a310 code [0x0000021f9730a4a0, 0x0000021f9730a5d8]
Event: 12.138 Thread 0x0000021facf1d390 2377       3       java.util.concurrent.locks.AbstractQueuedSynchronizer::release (19 bytes)
Event: 12.138 Thread 0x0000021facf1d390 nmethod 2377 0x0000021f9730a690 code [0x0000021f9730a880, 0x0000021f9730ad08]

GC Heap History (6 events):
Event: 0.741 GC heap before
{Heap before GC invocations=0 (full 0):
 garbage-first heap   total 126976K, used 13312K [0x0000000080000000, 0x0000000100000000)
  region size 1024K, 13 young (13312K), 0 survivors (0K)
 Metaspace       used 778K, committed 896K, reserved 491520K
  class space    used 61K, committed 128K, reserved 425984K
}
Event: 0.752 GC heap after
{Heap after GC invocations=1 (full 0):
 garbage-first heap   total 126976K, used 1216K [0x0000000080000000, 0x0000000100000000)
  region size 1024K, 2 young (2048K), 2 survivors (2048K)
 Metaspace       used 778K, committed 896K, reserved 491520K
  class space    used 61K, committed 128K, reserved 425984K
}
Event: 2.152 GC heap before
{Heap before GC invocations=1 (full 0):
 garbage-first heap   total 126976K, used 22720K [0x0000000080000000, 0x0000000100000000)
  region size 1024K, 21 young (21504K), 2 survivors (2048K)
 Metaspace       used 1879K, committed 2048K, reserved 491520K
  class space    used 180K, committed 256K, reserved 425984K
}
Event: 2.161 GC heap after
{Heap after GC invocations=2 (full 0):
 garbage-first heap   total 126976K, used 9594K [0x0000000080000000, 0x0000000100000000)
  region size 1024K, 3 young (3072K), 3 survivors (3072K)
 Metaspace       used 1879K, committed 2048K, reserved 491520K
  class space    used 180K, committed 256K, reserved 425984K
}
Event: 5.071 GC heap before
{Heap before GC invocations=2 (full 0):
 garbage-first heap   total 126976K, used 84346K [0x0000000080000000, 0x0000000100000000)
  region size 1024K, 74 young (75776K), 3 survivors (3072K)
 Metaspace       used 4630K, committed 4800K, reserved 491520K
  class space    used 577K, committed 640K, reserved 425984K
}
Event: 5.081 GC heap after
{Heap after GC invocations=3 (full 0):
 garbage-first heap   total 126976K, used 15897K [0x0000000080000000, 0x0000000100000000)
  region size 1024K, 9 young (9216K), 9 survivors (9216K)
 Metaspace       used 4630K, committed 4800K, reserved 491520K
  class space    used 577K, committed 640K, reserved 425984K
}

Deoptimization events (20 events):
Event: 10.026 Thread 0x0000021fcce26360 Uncommon trap: trap_request=0xffffffc6 fr.pc=0x0000021f9ea349f0 relative=0x0000000000000930
Event: 10.026 Thread 0x0000021fcce26360 Uncommon trap: reason=bimorphic_or_optimized_type_check action=maybe_recompile pc=0x0000021f9ea349f0 method=java.util.HashMap.putVal(ILjava/lang/Object;Ljava/lang/Object;ZZ)Ljava/lang/Object; @ 253 c2
Event: 10.026 Thread 0x0000021fcce26360 DEOPT PACKING pc=0x0000021f9ea349f0 sp=0x0000009eb6cfe7a0
Event: 10.026 Thread 0x0000021fcce26360 DEOPT UNPACKING pc=0x0000021f9e3e5ba3 sp=0x0000009eb6cfe740 mode 2
Event: 10.058 Thread 0x0000021fcce26360 Uncommon trap: trap_request=0xffffffc6 fr.pc=0x0000021f9ea349f0 relative=0x0000000000000930
Event: 10.058 Thread 0x0000021fcce26360 Uncommon trap: reason=bimorphic_or_optimized_type_check action=maybe_recompile pc=0x0000021f9ea349f0 method=java.util.HashMap.putVal(ILjava/lang/Object;Ljava/lang/Object;ZZ)Ljava/lang/Object; @ 253 c2
Event: 10.058 Thread 0x0000021fcce26360 DEOPT PACKING pc=0x0000021f9ea349f0 sp=0x0000009eb6cfe890
Event: 10.058 Thread 0x0000021fcce26360 DEOPT UNPACKING pc=0x0000021f9e3e5ba3 sp=0x0000009eb6cfe830 mode 2
Event: 10.712 Thread 0x0000021fcce26360 Uncommon trap: trap_request=0xffffff45 fr.pc=0x0000021f9ea226e0 relative=0x00000000000003e0
Event: 10.712 Thread 0x0000021fcce26360 Uncommon trap: reason=unstable_if action=reinterpret pc=0x0000021f9ea226e0 method=java.util.HashMap.getNode(Ljava/lang/Object;)Ljava/util/HashMap$Node; @ 66 c2
Event: 10.712 Thread 0x0000021fcce26360 DEOPT PACKING pc=0x0000021f9ea226e0 sp=0x0000009eb6cfb9e0
Event: 10.712 Thread 0x0000021fcce26360 DEOPT UNPACKING pc=0x0000021f9e3e5ba3 sp=0x0000009eb6cfb930 mode 2
Event: 10.712 Thread 0x0000021fcce26360 Uncommon trap: trap_request=0xffffff45 fr.pc=0x0000021f9e9789f8 relative=0x00000000000003b8
Event: 10.712 Thread 0x0000021fcce26360 Uncommon trap: reason=unstable_if action=reinterpret pc=0x0000021f9e9789f8 method=java.util.HashMap.getNode(Ljava/lang/Object;)Ljava/util/HashMap$Node; @ 66 c2
Event: 10.712 Thread 0x0000021fcce26360 DEOPT PACKING pc=0x0000021f9e9789f8 sp=0x0000009eb6cfb9a0
Event: 10.712 Thread 0x0000021fcce26360 DEOPT UNPACKING pc=0x0000021f9e3e5ba3 sp=0x0000009eb6cfb930 mode 2
Event: 10.726 Thread 0x0000021fcce26360 Uncommon trap: trap_request=0xffffff45 fr.pc=0x0000021f9e9f3320 relative=0x0000000000000280
Event: 10.726 Thread 0x0000021fcce26360 Uncommon trap: reason=unstable_if action=reinterpret pc=0x0000021f9e9f3320 method=java.util.concurrent.ConcurrentHashMap.get(Ljava/lang/Object;)Ljava/lang/Object; @ 152 c2
Event: 10.726 Thread 0x0000021fcce26360 DEOPT PACKING pc=0x0000021f9e9f3320 sp=0x0000009eb6cfae90
Event: 10.726 Thread 0x0000021fcce26360 DEOPT UNPACKING pc=0x0000021f9e3e5ba3 sp=0x0000009eb6cfadf8 mode 2

Classes unloaded (0 events):
No events

Classes redefined (0 events):
No events

Internal exceptions (20 events):
Event: 7.030 Thread 0x0000021f8f5a6b00 Exception <a 'java/lang/NoSuchMethodError'{0x000000008711bce8}: 'java.lang.Object java.lang.invoke.DirectMethodHandle$Holder.invokeInterface(java.lang.Object, java.lang.Object)'> (0x000000008711bce8) 
thrown [s\open\src\hotspot\share\interpreter\linkResolver.cpp, line 759]
Event: 8.262 Thread 0x0000021f8f5a6b00 Exception <a 'java/lang/NoSuchMethodError'{0x0000000086edfd48}: 'void java.lang.invoke.DirectMethodHandle$Holder.invokeStatic(java.lang.Object, java.lang.Object, java.lang.Object)'> (0x0000000086edfd48) 
thrown [s\open\src\hotspot\share\interpreter\linkResolver.cpp, line 759]
Event: 8.372 Thread 0x0000021f8f5a6b00 Exception <a 'java/lang/NoSuchMethodError'{0x0000000086b6bb70}: 'java.lang.Object java.lang.invoke.DirectMethodHandle$Holder.invokeStaticInit(java.lang.Object, int, int, int, int)'> (0x0000000086b6bb70) 
thrown [s\open\src\hotspot\share\interpreter\linkResolver.cpp, line 759]
Event: 8.515 Thread 0x0000021f8f5a6b00 Exception <a 'java/lang/NoSuchMethodError'{0x0000000086bce6d8}: 'java.lang.Object java.lang.invoke.DirectMethodHandle$Holder.invokeStaticInit(java.lang.Object, java.lang.Object, int, int, int, int)'> (0x0000000086bce6d8) 
thrown [s\open\src\hotspot\share\interpreter\linkResolver.cpp, line 759]
Event: 8.682 Thread 0x0000021f8f5a6b00 Exception <a 'java/io/IOException'{0x00000000868e2748}> (0x00000000868e2748) 
thrown [s\open\src\hotspot\share\prims\jni.cpp, line 516]
Event: 8.694 Thread 0x0000021f8f5a6b00 Implicit null exception at 0x0000021f9e983172 to 0x0000021f9e9837b0
Event: 8.707 Thread 0x0000021f8f5a6b00 Exception <a 'java/lang/NoSuchMethodError'{0x000000008674a6c8}: 'java.lang.Object java.lang.invoke.DirectMethodHandle$Holder.newInvokeSpecial(java.lang.Object, java.lang.Object, java.lang.Object, java.lang.Object, java.lang.Object)'> (0x000000008674a6c8) 
thrown [s\open\src\hotspot\share\interpreter\linkResolver.cpp, line 759]
Event: 9.624 Thread 0x0000021fccf49fc0 Exception <a 'java/lang/NoSuchMethodError'{0x00000000862322e0}: static Lorg/gradle/tooling/internal/provider/serialization/ClassLoaderDetails;.<clinit>()V> (0x00000000862322e0) 
thrown [s\open\src\hotspot\share\prims\jni.cpp, line 1112]
Event: 9.647 Thread 0x0000021fccf49fc0 Exception <a 'java/lang/NoSuchMethodError'{0x000000008624ba58}: static Lorg/gradle/internal/classloader/ClassLoaderSpec;.<clinit>()V> (0x000000008624ba58) 
thrown [s\open\src\hotspot\share\prims\jni.cpp, line 1112]
Event: 9.680 Thread 0x0000021fccf49fc0 Exception <a 'java/lang/NoSuchMethodError'{0x0000000086255210}: static Lorg/gradle/tooling/internal/provider/serialization/WellKnownClassLoaderRegistry$KnownClassLoaderSpec;.<clinit>()V> (0x0000000086255210) 
thrown [s\open\src\hotspot\share\prims\jni.cpp, line 1112]
Event: 9.689 Thread 0x0000021fccf49fc0 Exception <a 'java/lang/NoSuchMethodError'{0x000000008626b840}: static Lorg/gradle/tooling/internal/provider/serialization/ClientOwnedClassLoaderSpec;.<clinit>()V> (0x000000008626b840) 
thrown [s\open\src\hotspot\share\prims\jni.cpp, line 1112]
Event: 9.762 Thread 0x0000021fccf49ae0 Exception <a 'java/lang/NoSuchMethodError'{0x00000000865f97a8}: 'void java.lang.invoke.DirectMethodHandle$Holder.invokeSpecial(java.lang.Object, java.lang.Object, java.lang.Object)'> (0x00000000865f97a8) 
thrown [s\open\src\hotspot\share\interpreter\linkResolver.cpp, line 759]
Event: 10.505 Thread 0x0000021fcce26360 Exception <a 'java/lang/NoSuchMethodError'{0x0000000085da6860}: 'long java.lang.invoke.DirectMethodHandle$Holder.invokeInterface(java.lang.Object, java.lang.Object)'> (0x0000000085da6860) 
thrown [s\open\src\hotspot\share\interpreter\linkResolver.cpp, line 759]
Event: 10.656 Thread 0x0000021fcce26360 Exception <a 'java/lang/NoSuchMethodError'{0x000000008580ef18}: 'void java.lang.invoke.DirectMethodHandle$Holder.invokeStatic(java.lang.Object, java.lang.Object)'> (0x000000008580ef18) 
thrown [s\open\src\hotspot\share\interpreter\linkResolver.cpp, line 759]
Event: 10.733 Thread 0x0000021fcce26360 Exception <a 'java/lang/NoSuchMethodError'{0x000000008564be50}: 'int java.lang.invoke.DirectMethodHandle$Holder.invokeVirtual(java.lang.Object, java.lang.Object, java.lang.Object)'> (0x000000008564be50) 
thrown [s\open\src\hotspot\share\interpreter\linkResolver.cpp, line 759]
Event: 10.860 Thread 0x0000021fcce26360 Exception <a 'java/lang/NoSuchMethodError'{0x00000000854f8780}: 'java.lang.Object java.lang.invoke.DirectMethodHandle$Holder.newInvokeSpecial(java.lang.Object, java.lang.Object, java.lang.Object, java.lang.Object, java.lang.Object, java.lang.Object)'> (0x00000000854f8780) 
thrown [s\open\src\hotspot\share\interpreter\linkResolver.cpp, line 759]
Event: 11.018 Thread 0x0000021fcce26360 Exception <a 'java/lang/NoSuchMethodError'{0x0000000085004168}: 'void java.lang.invoke.DelegatingMethodHandle$Holder.reinvoke_L(java.lang.Object, java.lang.Object, java.lang.Object, java.lang.Object, java.lang.Object, java.lang.Object, java.lang.Object, java.lang.Object, java.lang.Object, java.lang.Object)'> (0x0000000085004168) 
thrown [s\open\src\hotspot\share\interpreter\linkResolver.cpp, line 759]
Event: 11.019 Thread 0x0000021fcce26360 Exception <a 'java/lang/NoSuchMethodError'{0x000000008500c5d8}: 'java.lang.Object java.lang.invoke.DirectMethodHandle$Holder.invokeSpecial(java.lang.Object, java.lang.Object, java.lang.Object, java.lang.Object, java.lang.Object, java.lang.Object, java.lang.Object, java.lang.Object, java.lang.Object, java.lang.Object)'> (0x000000008500c5d8) 
thrown [s\open\src\hotspot\share\interpreter\linkResolver.cpp, line 759]
Event: 11.019 Thread 0x0000021fcce26360 Exception <a 'java/lang/NoSuchMethodError'{0x0000000085010ea8}: 'java.lang.Object java.lang.invoke.Invokers$Holder.invoker(java.lang.Object, java.lang.Object, java.lang.Object, java.lang.Object, java.lang.Object, java.lang.Object, java.lang.Object, java.lang.Object, java.lang.Object, java.lang.Object)'> (0x0000000085010ea8) 
thrown [s\open\src\hotspot\share\interpreter\linkResolver.cpp, line 759]
Event: 11.020 Thread 0x0000021fcce26360 Exception <a 'java/lang/NoSuchMethodError'{0x0000000085016ab0}: 'java.lang.Object java.lang.invoke.DirectMethodHandle$Holder.invokeSpecial(java.lang.Object, java.lang.Object, java.lang.Object, java.lang.Object, java.lang.Object, java.lang.Object, java.lang.Object, java.lang.Object, java.lang.Object, java.lang.Object, java.lang.Object)'> (0x0000000085016ab0) 
thrown [s\open\src\hotspot\share\interpreter\linkResolver.cpp, line 759]

VM Operations (20 events):
Event: 7.159 Executing VM operation: HandshakeAllThreads
Event: 7.159 Executing VM operation: HandshakeAllThreads done
Event: 8.165 Executing VM operation: Cleanup
Event: 8.165 Executing VM operation: Cleanup done
Event: 8.237 Executing VM operation: HandshakeAllThreads
Event: 8.238 Executing VM operation: HandshakeAllThreads done
Event: 8.342 Executing VM operation: HandshakeAllThreads
Event: 8.342 Executing VM operation: HandshakeAllThreads done
Event: 8.390 Executing VM operation: HandshakeAllThreads
Event: 8.390 Executing VM operation: HandshakeAllThreads done
Event: 8.506 Executing VM operation: HandshakeAllThreads
Event: 8.506 Executing VM operation: HandshakeAllThreads done
Event: 9.322 Executing VM operation: HandshakeAllThreads
Event: 9.322 Executing VM operation: HandshakeAllThreads done
Event: 9.322 Executing VM operation: Cleanup
Event: 9.322 Executing VM operation: Cleanup done
Event: 10.338 Executing VM operation: Cleanup
Event: 10.339 Executing VM operation: Cleanup done
Event: 11.345 Executing VM operation: Cleanup
Event: 11.346 Executing VM operation: Cleanup done

Events (20 events):
Event: 10.725 loading class jdk/internal/vm/annotation/IntrinsicCandidate
Event: 10.726 loading class jdk/internal/vm/annotation/IntrinsicCandidate done
Event: 10.728 loading class java/util/stream/MatchOps$MatchKind
Event: 10.728 loading class java/util/stream/MatchOps$MatchKind done
Event: 10.728 loading class java/util/stream/MatchOps
Event: 10.728 loading class java/util/stream/MatchOps done
Event: 10.729 loading class java/util/stream/MatchOps$MatchOp
Event: 10.729 loading class java/util/stream/MatchOps$MatchOp done
Event: 10.729 loading class java/util/stream/MatchOps$BooleanTerminalSink
Event: 10.729 loading class java/util/stream/MatchOps$BooleanTerminalSink done
Event: 10.729 loading class java/util/stream/MatchOps$1MatchSink
Event: 10.730 loading class java/util/stream/MatchOps$1MatchSink done
Event: 10.738 loading class java/lang/invoke/MethodHandle$1
Event: 10.738 loading class java/lang/invoke/MethodHandle$1 done
Event: 10.789 loading class java/lang/TypeNotPresentException
Event: 10.789 loading class java/lang/TypeNotPresentException done
Event: 10.913 loading class java/util/ConcurrentModificationException
Event: 10.913 loading class java/util/ConcurrentModificationException done
Event: 10.977 loading class sun/reflect/generics/scope/ConstructorScope
Event: 10.978 loading class sun/reflect/generics/scope/ConstructorScope done


Dynamic libraries:
0x00007ff64e680000 - 0x00007ff64e690000 	C:\Program Files\Java\jdk-17\bin\java.exe
0x00007ffd42640000 - 0x00007ffd428a7000 	C:\WINDOWS\SYSTEM32\ntdll.dll
0x00007ffd403d0000 - 0x00007ffd40499000 	C:\WINDOWS\System32\KERNEL32.DLL
0x00007ffd3f070000 - 0x00007ffd3f467000 	C:\WINDOWS\System32\KERNELBASE.dll
0x00007ffd40070000 - 0x00007ffd401bb000 	C:\WINDOWS\System32\ucrtbase.dll
0x00007ffd243f0000 - 0x00007ffd24409000 	C:\Program Files\Java\jdk-17\bin\jli.dll
0x00007ffd40d70000 - 0x00007ffd40e26000 	C:\WINDOWS\System32\ADVAPI32.dll
0x00007ffd40550000 - 0x00007ffd405f9000 	C:\WINDOWS\System32\msvcrt.dll
0x00007ffd42100000 - 0x00007ffd421a7000 	C:\WINDOWS\System32\sechost.dll
0x00007ffd40650000 - 0x00007ffd40768000 	C:\WINDOWS\System32\RPCRT4.dll
0x00007ffd41dd0000 - 0x00007ffd41f96000 	C:\WINDOWS\System32\USER32.dll
0x00007ffd3fe60000 - 0x00007ffd3fe87000 	C:\WINDOWS\System32\win32u.dll
0x00007ffd40870000 - 0x00007ffd4089b000 	C:\WINDOWS\System32\GDI32.dll
0x00007ffd3ff40000 - 0x00007ffd4006c000 	C:\WINDOWS\System32\gdi32full.dll
0x00007ffd401c0000 - 0x00007ffd40263000 	C:\WINDOWS\System32\msvcp_win.dll
0x00007ffd243d0000 - 0x00007ffd243eb000 	C:\Program Files\Java\jdk-17\bin\VCRUNTIME140.dll
0x00007ffd25e30000 - 0x00007ffd260c2000 	C:\WINDOWS\WinSxS\amd64_microsoft.windows.common-controls_6595b64144ccf1df_6.0.26100.8457_none_3e0b2faee331e92d\COMCTL32.dll
0x00007ffd30a60000 - 0x00007ffd30a6b000 	C:\WINDOWS\SYSTEM32\VERSION.dll
0x00007ffd408a0000 - 0x00007ffd408d2000 	C:\WINDOWS\System32\IMM32.DLL
0x00007ffd30660000 - 0x00007ffd3066c000 	C:\Program Files\Java\jdk-17\bin\vcruntime140_1.dll
0x00007ffd24340000 - 0x00007ffd243ce000 	C:\Program Files\Java\jdk-17\bin\msvcp140.dll
0x00007ffc83f90000 - 0x00007ffc84b70000 	C:\Program Files\Java\jdk-17\bin\server\jvm.dll
0x00007ffd403c0000 - 0x00007ffd403c8000 	C:\WINDOWS\System32\PSAPI.DLL
0x00007ffd29490000 - 0x00007ffd2949a000 	C:\WINDOWS\SYSTEM32\WSOCK32.dll
0x00007ffd40f70000 - 0x00007ffd40ff0000 	C:\WINDOWS\System32\WS2_32.dll
0x00007ffd36c20000 - 0x00007ffd36c56000 	C:\WINDOWS\SYSTEM32\WINMM.dll
0x00007ffd3de00000 - 0x00007ffd3de1b000 	C:\WINDOWS\SYSTEM32\kernel.appcore.dll
0x00007ffd294d0000 - 0x00007ffd294da000 	C:\Program Files\Java\jdk-17\bin\jimage.dll
0x00007ffd3cf60000 - 0x00007ffd3d1a2000 	C:\WINDOWS\SYSTEM32\DBGHELP.DLL
0x00007ffd41220000 - 0x00007ffd415a3000 	C:\WINDOWS\System32\combase.dll
0x00007ffd40e90000 - 0x00007ffd40f69000 	C:\WINDOWS\System32\OLEAUT32.dll
0x00007ffd15d80000 - 0x00007ffd15dbb000 	C:\WINDOWS\SYSTEM32\dbgcore.DLL
0x00007ffd3fe90000 - 0x00007ffd3ff38000 	C:\WINDOWS\System32\bcryptPrimitives.dll
0x00007ffd06090000 - 0x00007ffd0609e000 	C:\Program Files\Java\jdk-17\bin\instrument.dll
0x00007ffd24310000 - 0x00007ffd24335000 	C:\Program Files\Java\jdk-17\bin\java.dll
0x00007ffccc370000 - 0x00007ffccc447000 	C:\Program Files\Java\jdk-17\bin\jsvml.dll
0x00007ffd41650000 - 0x00007ffd41dbe000 	C:\WINDOWS\System32\SHELL32.dll
0x00007ffd3f5f0000 - 0x00007ffd3fe5c000 	C:\WINDOWS\System32\windows.storage.dll
0x00007ffd42500000 - 0x00007ffd425f6000 	C:\WINDOWS\System32\SHCORE.dll
0x00007ffd415b0000 - 0x00007ffd41616000 	C:\WINDOWS\System32\shlwapi.dll
0x00007ffd3ef90000 - 0x00007ffd3efb9000 	C:\WINDOWS\SYSTEM32\profapi.dll
0x00007ffd060a0000 - 0x00007ffd060b8000 	C:\Program Files\Java\jdk-17\bin\zip.dll
0x00007ffd1dc70000 - 0x00007ffd1dc89000 	C:\Program Files\Java\jdk-17\bin\net.dll
0x00007ffd30810000 - 0x00007ffd30939000 	C:\WINDOWS\SYSTEM32\WINHTTP.dll
0x00007ffd3e370000 - 0x00007ffd3e3dc000 	C:\WINDOWS\system32\mswsock.dll
0x00007ffd1dbe0000 - 0x00007ffd1dbf6000 	C:\Program Files\Java\jdk-17\bin\nio.dll
0x00007ffd28bd0000 - 0x00007ffd28be0000 	C:\Program Files\Java\jdk-17\bin\verify.dll
0x00007ffd05e70000 - 0x00007ffd05e97000 	C:\Users\vijay\.gradle\native\1def1411415f61bf3af743bc5b6707747c0891f09f0c88961ee8f79bc544acac\windows-amd64\native-platform.dll
0x00007ffcd8c40000 - 0x00007ffcd8cb8000 	C:\Users\vijay\.gradle\native\0.2.7\x86_64-windows-gnu\gradle-fileevents.dll
0x00007ffd261a0000 - 0x00007ffd261aa000 	C:\Program Files\Java\jdk-17\bin\management.dll
0x00007ffd23e60000 - 0x00007ffd23e6b000 	C:\Program Files\Java\jdk-17\bin\management_ext.dll
0x00007ffd3d810000 - 0x00007ffd3d842000 	C:\WINDOWS\SYSTEM32\IPHLPAPI.DLL
0x00007ffd41fb0000 - 0x00007ffd41fba000 	C:\WINDOWS\System32\NSI.dll
0x00007ffd38d10000 - 0x00007ffd38d2d000 	C:\WINDOWS\SYSTEM32\dhcpcsvc6.DLL
0x00007ffd38ce0000 - 0x00007ffd38d05000 	C:\WINDOWS\SYSTEM32\dhcpcsvc.DLL
0x00007ffd3d8a0000 - 0x00007ffd3d9d2000 	C:\WINDOWS\SYSTEM32\DNSAPI.dll
0x00007ffd3e650000 - 0x00007ffd3e66b000 	C:\WINDOWS\SYSTEM32\CRYPTSP.dll
0x00007ffd3dd60000 - 0x00007ffd3dd99000 	C:\WINDOWS\system32\rsaenh.dll
0x00007ffd3e420000 - 0x00007ffd3e453000 	C:\WINDOWS\SYSTEM32\USERENV.dll
0x00007ffd3ef60000 - 0x00007ffd3ef8a000 	C:\WINDOWS\SYSTEM32\bcrypt.dll
0x00007ffd3e670000 - 0x00007ffd3e67c000 	C:\WINDOWS\SYSTEM32\CRYPTBASE.dll
0x00007ffd05e60000 - 0x00007ffd05e6e000 	C:\Program Files\Java\jdk-17\bin\sunmscapi.dll
0x00007ffd3f470000 - 0x00007ffd3f5e8000 	C:\WINDOWS\System32\CRYPT32.dll
0x00007ffd3e870000 - 0x00007ffd3e8a0000 	C:\WINDOWS\SYSTEM32\ncrypt.dll
0x00007ffd3e820000 - 0x00007ffd3e85f000 	C:\WINDOWS\SYSTEM32\NTASN1.dll
0x00007ffd172a0000 - 0x00007ffd172a8000 	C:\WINDOWS\system32\wshunix.dll

dbghelp: loaded successfully - version: 4.0.5 - missing functions: none
symbol engine: initialized successfully - sym options: 0x614 - pdb path: .;C:\Program Files\Java\jdk-17\bin;C:\WINDOWS\SYSTEM32;C:\WINDOWS\WinSxS\amd64_microsoft.windows.common-controls_6595b64144ccf1df_6.0.26100.8457_none_3e0b2faee331e92d;C:\Program Files\Java\jdk-17\bin\server;C:\Users\vijay\.gradle\native\1def1411415f61bf3af743bc5b6707747c0891f09f0c88961ee8f79bc544acac\windows-amd64;C:\Users\vijay\.gradle\native\0.2.7\x86_64-windows-gnu

VM Arguments:
jvm_args: --add-opens=java.base/java.lang=ALL-UNNAMED --add-opens=java.base/java.lang.invoke=ALL-UNNAMED --add-opens=java.base/java.util=ALL-UNNAMED --add-opens=java.prefs/java.util.prefs=ALL-UNNAMED --add-exports=jdk.compiler/com.sun.tools.javac.api=ALL-UNNAMED --add-exports=jdk.compiler/com.sun.tools.javac.util=ALL-UNNAMED --add-opens=java.base/java.util=ALL-UNNAMED --add-opens=java.prefs/java.util.prefs=ALL-UNNAMED --add-opens=java.base/java.nio.charset=ALL-UNNAMED --add-opens=java.base/java.net=ALL-UNNAMED --add-opens=java.base/java.util.concurrent.atomic=ALL-UNNAMED --add-opens=java.xml/javax.xml.namespace=ALL-UNNAMED -XX:MaxMetaspaceSize=512m -Xmx2048m -Dfile.encoding=UTF-8 -Duser.country=IN -Duser.language=en -Duser.variant -javaagent:C:\Users\vijay\.gradle\wrapper\dists\gradle-8.14.1-bin\baw1sv0jfoi8rxs14qo3h49cs\gradle-8.14.1\lib\agents\gradle-instrumentation-agent-8.14.1.jar 
java_command: org.gradle.launcher.daemon.bootstrap.GradleDaemon 8.14.1
java_class_path (initial): C:\Users\vijay\.gradle\wrapper\dists\gradle-8.14.1-bin\baw1sv0jfoi8rxs14qo3h49cs\gradle-8.14.1\lib\gradle-daemon-main-8.14.1.jar
Launcher Type: SUN_STANDARD

[Global flags]
     intx CICompilerCount                          = 3                                         {product} {ergonomic}
   size_t CompressedClassSpaceSize                 = 436207616                                 {product} {ergonomic}
     uint ConcGCThreads                            = 1                                         {product} {ergonomic}
     uint G1ConcRefinementThreads                  = 4                                         {product} {ergonomic}
   size_t G1HeapRegionSize                         = 1048576                                   {product} {ergonomic}
    uintx GCDrainStackTargetSize                   = 64                                        {product} {ergonomic}
   size_t InitialHeapSize                          = 130023424                                 {product} {ergonomic}
   size_t MarkStackSize                            = 4194304                                   {product} {ergonomic}
   size_t MaxHeapSize                              = 2147483648                                {product} {command line}
   size_t MaxMetaspaceSize                         = 536870912                                 {product} {command line}
   size_t MaxNewSize                               = 1287651328                                {product} {ergonomic}
   size_t MinHeapDeltaBytes                        = 1048576                                   {product} {ergonomic}
   size_t MinHeapSize                              = 8388608                                   {product} {ergonomic}
    uintx NonNMethodCodeHeapSize                   = 5832780                                {pd product} {ergonomic}
    uintx NonProfiledCodeHeapSize                  = 122912730                              {pd product} {ergonomic}
    uintx ProfiledCodeHeapSize                     = 122912730                              {pd product} {ergonomic}
    uintx ReservedCodeCacheSize                    = 251658240                              {pd product} {ergonomic}
     bool SegmentedCodeCache                       = true                                      {product} {ergonomic}
   size_t SoftMaxHeapSize                          = 2147483648                             {manageable} {ergonomic}
     bool UseCompressedClassPointers               = true                           {product lp64_product} {ergonomic}
     bool UseCompressedOops                        = true                           {product lp64_product} {ergonomic}
     bool UseG1GC                                  = true                                      {product} {ergonomic}
     bool UseLargePagesIndividualAllocation        = false                                  {pd product} {ergonomic}

Logging:
Log output configuration:
 #0: stdout all=warning uptime,level,tags
 #1: stderr all=off uptime,level,tags

Environment Variables:
JAVA_HOME=C:\Program Files\Java\jdk-17
CLASSPATH=.;
PATH=C:\Program Files\Common Files\Oracle\Java\javapath;C:\Program Files\Eclipse Adoptium\jdk-17.0.15.6-hotspot\bin;C:\WINDOWS\system32;C:\WINDOWS;C:\WINDOWS\System32\Wbem;C:\WINDOWS\System32\WindowsPowerShell\v1.0\;C:\WINDOWS\System32\OpenSSH\;D:\xampp\php;C:\ProgramData\ComposerSetup\bin;C:\ProgramData\chocolatey\bin;C:\Program Files\Git\cmd;C:\Program Files\Java\jdk1.8.0_211\bin;C:\ProgramData\chocolatey\lib\maven\apache-maven-3.8.4\bin;C:\Program Files\Amazon\AWSCLIV2\;C:\Program Files\dotnet\;C:\Program Files\nodejs\;C:\Program Files\Java\jdk-17\bin;C:\Users\vijay\AppData\Local\Android\Sdk\platform-tools;C:\Users\vijay\AppData\Local\Microsoft\WindowsApps;C:\Users\vijay\AppData\Roaming\Composer\vendor\bin;C:\Program Files\Oracle\VirtualBox;C:\Users\vijay\AppData\Local\Programs\Microsoft VS Code\bin;C:\Users\vijay\AppData\Roaming\npm;C:\Users\vijay\AppData\Local\GitHubDesktop\bin
USERNAME=vijay
OS=Windows_NT
PROCESSOR_IDENTIFIER=Intel64 Family 6 Model 140 Stepping 1, GenuineIntel



---------------  S Y S T E M  ---------------

OS:
 Windows 11 , 64 bit Build 26100 (10.0.26100.8328)
OS uptime: 6 days 22:59 hours

CPU: total 4 (initial active 4) (2 cores per cpu, 2 threads per core) family 6 model 140 stepping 1 microcode 0xbe, cx8, cmov, fxsr, ht, mmx, 3dnowpref, sse, sse2, sse3, ssse3, sse4.1, sse4.2, popcnt, lzcnt, tsc, tscinvbit, avx, avx2, aes, erms, clmul, bmi1, bmi2, adx, avx512f, avx512dq, avx512cd, avx512bw, avx512vl, sha, fma, vzeroupper, avx512_vpopcntdq, avx512_vpclmulqdq, avx512_vaes, avx512_vnni, clflush, clflushopt, clwb, avx512_vbmi2, avx512_vbmi

Memory: 4k page, system-wide physical 7926M (225M free)
TotalPageFile size 32502M (AvailPageFile size 114M)
current process WorkingSet (physical memory assigned to process): 174M, peak: 175M
current process commit charge ("private bytes"): 250M, peak: 252M

vm_info: Java HotSpot(TM) 64-Bit Server VM (17.0.12+8-LTS-286) for windows-amd64 JRE (17.0.12+8-LTS-286), built on Jun  5 2024 06:46:59 by "mach5one" with MS VC++ 17.6 (VS2022)

END.
